// Jest Snapshot v1, https://goo.gl/fbAQLP

exports[`statement comments 1`] = `
"local ____exports = {}
function ____exports.__main(self)
    --This comment on variable declaration was added by a plugin!
    --- This one too!
    local foo = \\"bar\\"
    -- This trailing comment was also added by a plugin!
    --- Example luadoc comment
    ---@param paramName ParamClass
    foo = \\"baz\\"
    --[[ This plugin can also (kinda) create multiline comments.
    -- Line 2
    --]]
end
return ____exports"
`;
