// Jest Snapshot v1, https://goo.gl/fbAQLP

exports[`operator mapping - invalid use (const foo = (op as any)(1, 2);): code 1`] = `"foo = op(_G, 1, 2)"`;

exports[`operator mapping - invalid use (const foo = (op as any)(1, 2);): diagnostics 1`] = `"main.ts(3,16): error TSTL: A mapped operator can only be used in a call expression."`;

exports[`operator mapping - invalid use (const foo = [op];): code 1`] = `"foo = {op}"`;

exports[`operator mapping - invalid use (const foo = [op];): diagnostics 1`] = `"main.ts(3,16): error TSTL: A mapped operator can only be used in a call expression."`;

exports[`operator mapping - invalid use (const foo = \`\${op}\`): code 1`] = `"foo = tostring(op)"`;

exports[`operator mapping - invalid use (const foo = \`\${op}\`): diagnostics 1`] = `"main.ts(3,18): error TSTL: A mapped operator can only be used in a call expression."`;

exports[`operator mapping - invalid use (const foo: unknown = op;): code 1`] = `"foo = op"`;

exports[`operator mapping - invalid use (const foo: unknown = op;): diagnostics 1`] = `"main.ts(3,24): error TSTL: A mapped operator can only be used in a call expression."`;

exports[`operator mapping - invalid use (declare function foo(op: LuaAdd<number, number, number>): void; foo(op);): code 1`] = `"foo(_G, op)"`;

exports[`operator mapping - invalid use (declare function foo(op: LuaAdd<number, number, number>): void; foo(op);): diagnostics 1`] = `"main.ts(3,71): error TSTL: A mapped operator can only be used in a call expression."`;
