// Jest Snapshot v1, https://goo.gl/fbAQLP

exports[`forof lua iterator tuple-return single existing variable: code 1`] = `
"local x
for ____ in luaIter(_G) do
end"
`;

exports[`forof lua iterator tuple-return single variable: code 1`] = `
"for ____ in luaIter(_G) do
end"
`;
