// Jest Snapshot v1, https://goo.gl/fbAQLP

exports[`DontAllowInstantiation: code 1`] = `
"require(\\"lualib_bundle\\");
local __meta___LOADED = debug.getregistry()._LOADED
local e = __TS__New(Ext)"
`;

exports[`IncorrectUsage: code 1`] = `
"function LoadedExt.test(self)
    return 5
end"
`;
