// Jest Snapshot v1, https://goo.gl/fbAQLP

exports[`super without class: code 1`] = `
"local ____exports = {}
____exports.__result = ____.____constructor(self)
return ____exports"
`;

exports[`super without class: diagnostics 1`] = `"main.ts(1,25): error TS2337: Super calls are not permitted outside constructors or in nested functions inside constructors."`;
