// Jest Snapshot v1, https://goo.gl/fbAQLP

exports[`Assignment destructuring [5.1] 1`] = `"local a, b = unpack(myFunc())"`;

exports[`Assignment destructuring [5.2] 1`] = `"local a, b = table.unpack(myFunc())"`;

exports[`Assignment destructuring [JIT] 1`] = `"local a, b = unpack(myFunc())"`;
